[03:34:39] [ServerMain/INFO]: [bootstrap] Running Java 25 (OpenJDK 64-Bit Server VM 25.0.2+10-LTS; Microsoft Microsoft-13053558) on Linux 6.8.0-1052-azure (amd64)
[03:34:39] [ServerMain/INFO]: [bootstrap] Loading Paper 26.2-111-main@f570646 (2026-08-07T16:16:19Z) for Minecraft 26.2
[03:34:39] [ServerMain/INFO]: [PluginInitializerManager] Initializing plugins...
[03:34:40] [ServerMain/INFO]: [PluginInitializerManager] Initialized 3 plugins
[03:34:40] [ServerMain/INFO]: [PluginInitializerManager] Bukkit plugins (3):
 - TuffXPlus (1.1.1), ViaBackwards (5.11.0), ViaVersion (5.11.0)
[03:34:48] [DataConverter MCTypeRegistry init thread/INFO]: [ca.spottedleaf.dataconverter.minecraft.datatypes.MCTypeRegistry] Initialising converters for DataConverter...
[03:34:48] [ServerMain/INFO]: Environment: Environment[sessionHost=https://sessionserver.mojang.com, servicesHost=https://api.minecraftservices.com, profilesHost=https://api.mojang.com, name=PROD]
[03:34:50] [DataConverter MCTypeRegistry init thread/INFO]: [ca.spottedleaf.dataconverter.minecraft.datatypes.MCTypeRegistry] Finished initialising converters for DataConverter in 2,396.6ms
[03:34:54] [ServerMain/INFO]: Loaded 1585 recipes
[03:34:54] [ServerMain/INFO]: Loaded 1688 advancements
[03:34:54] [Server thread/INFO]: Starting minecraft server version 26.2
[03:34:54] [Server thread/INFO]: Loading properties
[03:34:54] [Server thread/INFO]: This server is running Paper version 26.2-111-main@f570646 (2026-08-07T16:16:19Z) (Implementing API version 26.2.build.111-stable)
[03:34:54] [Server thread/INFO]: [spark] This server bundles the spark profiler. For more information please visit https://docs.papermc.io/paper/profiling
[03:34:55] [Server thread/INFO]: Server Ping Player Sample Count: 12
[03:34:55] [Server thread/INFO]: Using 4 threads for Netty based IO
[03:34:56] [Server thread/INFO]: [MoonriseCommon] Paper is using 1 worker threads, 1 I/O threads
[03:34:57] [Server thread/INFO]: Default game type: SURVIVAL
[03:34:57] [Server thread/INFO]: Generating keypair
[03:34:57] [Server thread/INFO]: Starting Minecraft server on *:25567
[03:34:57] [Server thread/INFO]: Paper: Using libdeflate (Linux x86_64) compression from Velocity.
[03:34:57] [Server thread/INFO]: Paper: Using OpenSSL 3.x.x (Linux x86_64) cipher from Velocity.
[03:34:58] [Server thread/INFO]: [ViaVersion] Loading server plugin ViaVersion v5.11.0
[03:34:58] [Server thread/INFO]: [ViaVersion] ViaVersion 5.11.0 is now loaded. Registering protocol transformers and injecting...
[03:34:59] [Server thread/INFO]: [ViaBackwards] Loading translations...
[03:34:59] [Server thread/INFO]: [ViaBackwards] Registering protocols...
[03:35:00] [Server thread/INFO]: [ViaBackwards] Loading server plugin ViaBackwards v5.11.0
[03:35:00] [Server thread/INFO]: [TuffXPlus] Loading server plugin TuffXPlus v1.1.1
[03:35:01] [Server thread/INFO]: [packetevents] Loading packetevents...
[03:35:03] [Server thread/INFO]: [packetevents] Loaded packetevents v2.13.0 for TuffXPlus
[03:35:03] [Server thread/WARN]: **** SERVER IS RUNNING IN OFFLINE/INSECURE MODE!
[03:35:03] [Server thread/WARN]: The server will make no attempt to authenticate usernames. Beware.
[03:35:03] [Server thread/WARN]: Whilst this makes it possible to use Velocity, unless access to your server is properly restricted, it also opens up the ability for hackers to connect with any username they choose.
[03:35:03] [Server thread/WARN]: Please see https://docs.papermc.io/velocity/security for further information.
[03:35:03] [Server thread/WARN]: To change this, set "online-mode" to "true" in the server.properties file.
[03:35:03] [Server thread/INFO]: Preparing level "world"
[03:35:04] [Server thread/INFO]: Loading 0 persistent chunks for level 'minecraft:overworld'...
[03:35:04] [Server thread/INFO]: Preparing spawn area: 100%
[03:35:04] [Server thread/INFO]: Prepared spawn area in 7 ms
[03:35:05] [Server thread/INFO]: Loading 0 persistent chunks for level 'minecraft:the_nether'...
[03:35:05] [Server thread/INFO]: Prepared spawn area in 7 ms
[03:35:05] [Server thread/INFO]: Loading 0 persistent chunks for level 'minecraft:the_end'...
[03:35:05] [Server thread/INFO]: Prepared spawn area in 2 ms
[03:35:05] [Server thread/INFO]: Done preparing level "world" (1.145s)
[03:35:05] [Server thread/INFO]: [ViaVersion] Enabling ViaVersion v5.11.0
[03:35:05] [Server thread/INFO]: [ViaVersion] ViaVersion detected server version: 26.2 (776)
[03:35:05] [Server thread/INFO]: [ViaBackwards] Enabling ViaBackwards v5.11.0
[03:35:05] [Server thread/INFO]: [TuffXPlus] Enabling TuffXPlus v1.1.1
[03:35:05] [Server thread/INFO]: [TuffXPlus] Using standard Bukkit-compatible schedulers.
[03:35:05] [Server thread/INFO]: [TuffXPlus] [Y0] Server Minecraft Version: 26.2
[03:35:06] [Server thread/INFO]: [TuffXPlus] [TuffActions] Successfully loaded 1326 creative tab mappings.
[03:35:06] [Server thread/INFO]: [TuffXPlus] [TuffActions] TuffActions has been enabled
[03:35:06] [Server thread/INFO]: [TuffXPlus] [TuffActions] Enabling features...
[03:35:06] [Server thread/INFO]: [TuffXPlus] [TuffActions] Swimming enabled.
[03:35:06] [Server thread/INFO]: [TuffXPlus] [TuffActions] Creative Items enabled.
[03:35:06] [Server thread/INFO]: [TuffXPlus] [TuffActions] Loading Restrictions config...
[03:35:06] [Server thread/INFO]: [TuffXPlus] [TuffActions] Restrictions enabled.
[03:35:06] [Server thread/INFO]: [TuffXPlus] [TuffActions] Finished enabling features.
[03:35:06] [Server thread/INFO]: [TuffXPlus] [ViaBlocks] Generating ViaBlocks Pre-Defined Palette...
[03:35:06] [Server thread/INFO]: [TuffXPlus] [ViaBlocks] Palette initialized with 649 entries.
[03:35:06] [Server thread/INFO]: [TuffXPlus] [ViaBlocks] ViaBlocks has been enabled successfully and is listening for client handshakes.
[03:35:06] [Server thread/INFO]: [TuffXPlus] [ViaEntities] ViaEntities enabled with 43 modern entities
[03:35:06] [Server thread/INFO]: [TuffXPlus] 
[03:35:06] [Server thread/INFO]: [TuffXPlus] ████████╗██╗   ██╗███████╗ ███████╗ ██╗  ██╗     ██╗
[03:35:06] [Server thread/INFO]: [TuffXPlus] ╚══██╔══╝██║   ██║██╔════╝ ██╔════╝ ╚██╗██╔╝     ██║
[03:35:06] [Server thread/INFO]: [TuffXPlus]    ██║   ██║   ██║██████╗  ██████╗   ╚███╔╝ ████████████╗
[03:35:06] [Server thread/INFO]: [TuffXPlus]    ██║   ██║   ██║██╔═══╝  ██╔═══╝   ██╔██╗ ╚════██╔════╝
[03:35:06] [Server thread/INFO]: [TuffXPlus]    ██║   ╚██████╔╝██║      ██║      ██╔╝╚██╗     ██║
[03:35:06] [Server thread/INFO]: [TuffXPlus]    ╚═╝    ╚═════╝ ╚═╝      ╚═╝      ╚═╝  ╚═╝     ╚═╝
[03:35:06] [Server thread/INFO]: [TuffXPlus] 
[03:35:06] [Server thread/INFO]: [TuffXPlus] CREDITS
[03:35:06] [Server thread/INFO]: [TuffXPlus] 
[03:35:06] [Server thread/INFO]: [TuffXPlus] Y0 support:
[03:35:06] [Server thread/INFO]: [TuffXPlus] • Below y0 (client + plugin) programmed by Potato (@justatypicalpotato)
[03:35:06] [Server thread/INFO]: [TuffXPlus] • llucasandersen - plugin optimizations
[03:35:06] [Server thread/INFO]: [TuffXPlus] 
[03:35:06] [Server thread/INFO]: [TuffXPlus] ViaBlocks:
[03:35:06] [Server thread/INFO]: [TuffXPlus] • ViaBlocks partial plugin and client rewrite by Potato
[03:35:06] [Server thread/INFO]: [TuffXPlus] • llucasandersen (Complex client models and texture fixes,
[03:35:06] [Server thread/INFO]: [TuffXPlus] 	  optimizations, PacketEvents migration and async safety fixes)
[03:35:06] [Server thread/INFO]: [TuffXPlus] • coleis1op, if ts is driving me crazy, im taking credit
[03:35:06] [Server thread/INFO]: [TuffXPlus] 
[03:35:06] [Server thread/INFO]: [TuffXPlus] Other:
[03:35:06] [Server thread/INFO]: [TuffXPlus] • Swimming and creative items programmed by Potato (@justatypicalpotato)
[03:35:06] [Server thread/INFO]: [TuffXPlus] • shaded build, 1.14+ support (before merge) - llucasandersen
[03:35:06] [Server thread/INFO]: [TuffXPlus] • Restrictions - UplandJacob
[03:35:06] [Server thread/INFO]: [TuffXPlus] • Overall plugin merges by Potato
[03:35:06] [Server thread/INFO]: [spark] Starting background profiler...
[03:35:07] [Server thread/INFO]: Saving chunks for level 'ServerLevel[world]'/minecraft:overworld
[03:35:08] [Server thread/INFO]: Saving chunks for level 'ServerLevel[world]'/minecraft:the_nether
[03:35:10] [Server thread/INFO]: Saving chunks for level 'ServerLevel[world]'/minecraft:the_end
[03:35:11] [Server thread/INFO]: ThreadedAnvilChunkStorage (world): All chunks are saved
[03:35:11] [Server thread/INFO]: ThreadedAnvilChunkStorage (DIM-1): All chunks are saved
[03:35:11] [Server thread/INFO]: ThreadedAnvilChunkStorage (DIM1): All chunks are saved
[03:35:11] [Server thread/INFO]: ThreadedAnvilChunkStorage: All dimensions are saved
[03:35:11] [Server thread/INFO]: Running delayed init tasks
[03:35:11] [Server thread/INFO]: [TuffXPlus] [Y0] Loading mappings from 26.2-mappings.json
[03:35:11] [Craft Scheduler Thread - 2 - ViaVersion/INFO]: [ViaVersion] Finished mapping loading, shutting down loader executor.
[03:35:11] [Server thread/INFO]: [TuffXPlus] [Y0] Loaded 29671 legacy mappings.
[03:35:11] [Server thread/INFO]: Done (33.342s)! For help, type "help"
[03:35:33] [User Authenticator #0/INFO]: UUID of player Hyriskalt is 5f28247f-2b30-32f1-9cb9-f2d1adf81e83
[03:35:35] [Server thread/INFO]: Hyriskalt joined the game
[03:35:35] [Server thread/INFO]: Hyriskalt[/[0:0:0:0:0:0:0:1]:33064] logged in with entity id 61 at ([minecraft:overworld]74.69999998807907, 0.2329996129253551, 28.30000001192093)
[03:38:31] [Server thread/INFO]: Stopping the server
[03:38:31] [Server thread/INFO]: Stopping server
[03:38:31] [Server thread/INFO]: [TuffXPlus] Disabling TuffXPlus v1.1.1
[03:38:31] [Server thread/INFO]: [TuffXPlus] [ViaBlocks] ViaBlocks has been disabled.
[03:38:31] [Server thread/INFO]: [ViaBackwards] Disabling ViaBackwards v5.11.0
[03:38:31] [Server thread/INFO]: [ViaVersion] Disabling ViaVersion v5.11.0
[03:38:31] [Server thread/INFO]: [ViaVersion] ViaVersion has been disabled; uninjected the platform and shut down the scheduler.
[03:38:31] [Server thread/INFO]: Saving players
[03:38:32] [Server thread/INFO]: Hyriskalt lost connection: Server closed
[03:38:32] [Server thread/INFO]: Hyriskalt left the game
[03:38:32] [Server thread/INFO]: Saving worlds
[03:38:33] [Server thread/INFO]: Saving chunks for level 'ServerLevel[world]'/minecraft:overworld
[03:38:34] [Server thread/INFO]: [ChunkHolderManager] Waiting 60s for chunk system to halt for world 'minecraft:overworld'
[03:38:34] [Server thread/INFO]: [ChunkHolderManager] Halted chunk system for world 'minecraft:overworld'
[03:38:34] [Server thread/INFO]: [ChunkHolderManager] Saving all chunkholders for world 'minecraft:overworld'
[03:38:36] [spark-monitoring-1-thread-1/ERROR]: [STDERR] [me.lucko.spark.paper.common.util.log.Logger$1] Uncaught exception thrown in thread spark-monitoring-1-thread-1
[03:38:36] [spark-monitoring-1-thread-1/WARN]: java.util.concurrent.CancellationException
[03:38:36] [spark-monitoring-1-thread-1/WARN]: 	at java.base/java.util.concurrent.FutureTask.report(FutureTask.java:123)
[03:38:36] [spark-monitoring-1-thread-1/WARN]: 	at java.base/java.util.concurrent.FutureTask.get(FutureTask.java:193)
[03:38:36] [spark-monitoring-1-thread-1/WARN]: 	at me.lucko.spark.paper.common.util.SparkScheduledThreadPoolExecutor.afterExecute(SparkScheduledThreadPoolExecutor.java:48)
[03:38:36] [spark-monitoring-1-thread-1/WARN]: 	at java.base/java.util.concurrent.ThreadPoolExecutor.runWorker(ThreadPoolExecutor.java:1091)
[03:38:36] [spark-monitoring-1-thread-1/WARN]: 	at java.base/java.util.concurrent.ThreadPoolExecutor$Worker.run(ThreadPoolExecutor.java:614)
[03:38:36] [spark-monitoring-1-thread-1/WARN]: 	at java.base/java.lang.Thread.run(Thread.java:1474)
[03:38:38] [Server thread/INFO]: [ChunkHolderManager] Saved 625 block chunks, 625 entity chunks, 1 poi chunks in world 'minecraft:overworld' in 3.97s
[03:38:38] [Server thread/INFO]: [ChunkHolderManager] Waiting 60s for chunk I/O to halt for world 'minecraft:overworld'
[03:38:38] [Server thread/INFO]: [ChunkHolderManager] Halted I/O scheduler for world 'minecraft:overworld'
[03:38:39] [Server thread/INFO]: Saving chunks for level 'ServerLevel[world]'/minecraft:the_nether
[03:38:39] [Server thread/INFO]: [ChunkHolderManager] Waiting 60s for chunk system to halt for world 'minecraft:the_nether'
[03:38:39] [Server thread/INFO]: [ChunkHolderManager] Halted chunk system for world 'minecraft:the_nether'
[03:38:39] [Server thread/INFO]: [ChunkHolderManager] Saving all chunkholders for world 'minecraft:the_nether'
[03:38:39] [Server thread/INFO]: [ChunkHolderManager] Saved 0 block chunks, 0 entity chunks, 0 poi chunks in world 'minecraft:the_nether' in 0.00s
[03:38:39] [Server thread/INFO]: [ChunkHolderManager] Waiting 60s for chunk I/O to halt for world 'minecraft:the_nether'
[03:38:39] [Server thread/INFO]: [ChunkHolderManager] Halted I/O scheduler for world 'minecraft:the_nether'
[03:38:39] [Server thread/INFO]: Saving chunks for level 'ServerLevel[world]'/minecraft:the_end
[03:38:40] [Server thread/INFO]: [ChunkHolderManager] Waiting 60s for chunk system to halt for world 'minecraft:the_end'
[03:38:40] [Server thread/INFO]: [ChunkHolderManager] Halted chunk system for world 'minecraft:the_end'
[03:38:40] [Server thread/INFO]: [ChunkHolderManager] Saving all chunkholders for world 'minecraft:the_end'
[03:38:40] [Server thread/INFO]: [ChunkHolderManager] Saved 0 block chunks, 0 entity chunks, 0 poi chunks in world 'minecraft:the_end' in 0.00s
[03:38:40] [Server thread/INFO]: [ChunkHolderManager] Waiting 60s for chunk I/O to halt for world 'minecraft:the_end'
[03:38:40] [Server thread/INFO]: [ChunkHolderManager] Halted I/O scheduler for world 'minecraft:the_end'
[03:38:40] [Server thread/INFO]: ThreadedAnvilChunkStorage (world): All chunks are saved
[03:38:40] [Server thread/INFO]: ThreadedAnvilChunkStorage (DIM-1): All chunks are saved
[03:38:40] [Server thread/INFO]: ThreadedAnvilChunkStorage (DIM1): All chunks are saved
[03:38:40] [Server thread/INFO]: ThreadedAnvilChunkStorage: All dimensions are saved
[03:38:40] [Server thread/INFO]: Waiting for all RegionFile I/O tasks to complete...
[03:38:40] [Server thread/INFO]: All RegionFile I/O tasks to complete
[03:38:40] [Server thread/INFO]: [MoonriseCommon] Awaiting termination of worker pool for up to 60s...
[03:38:40] [Server thread/INFO]: [MoonriseCommon] Awaiting termination of I/O pool for up to 60s...
