[2026/08/09 00:17:22 INFO]:           __             _       
[2026/08/09 00:17:22 INFO]:   _ __   / /  ___   __ _(_)_ __  
[2026/08/09 00:17:22 INFO]:  | '_ \ / /  / _ \ / _` | | '_ \ 
[2026/08/09 00:17:22 INFO]:  | | | / /__| (_) | (_| | | | | |
[2026/08/09 00:17:22 INFO]:  |_| |_\____/\___/ \__, |_|_| |_|
[2026/08/09 00:17:22 INFO]:                   |___/            
[2026/08/09 00:17:22 INFO]:  By: www.nickuc.com - V 2.0.19
[2026/08/09 00:17:22 INFO]:  
[2026/08/09 00:17:22 DEBUG]: Loading the messages_en.yml message file...
[2026/08/09 00:17:22 DEBUG]: Messages were loaded in 260 ms (single file).
[2026/08/09 00:17:22 DEBUG]: Settings were loaded in 333 ms.
[2026/08/09 00:17:22 DEBUG]: Loading database...
[2026/08/09 00:17:22 DEBUG]: Starting logger filter...
[2026/08/09 00:17:22 INFO]: Loading packetevents-velocity 2.13.0...
[2026/08/09 00:17:59 INFO]: 
[2026/08/09 00:17:59 INFO]:  Thank you so much for choosing nLogin! :)
[2026/08/09 00:17:59 INFO]: 
[2026/08/09 00:17:59 INFO]:  For your safety, please read the message below:
[2026/08/09 00:17:59 INFO]:   Never download nLogin from unknown sources.
[2026/08/09 00:17:59 INFO]:   A modified version may contain malicious software.
[2026/08/09 00:17:59 INFO]: 
[2026/08/09 00:17:59 INFO]:  Trusted sources:
[2026/08/09 00:17:59 INFO]:   Website: nickuc.com
[2026/08/09 00:17:59 INFO]:   GitHub: github.com/nickuc-com
[2026/08/09 00:17:59 INFO]:   OpeNLogin installer (from Spigot or GitHub)
[2026/08/09 00:17:59 INFO]: 
[2026/08/09 00:17:59 INFO]:  Official support:
[2026/08/09 00:17:59 INFO]:   Documentation: docs.nickuc.com/nlogin/
[2026/08/09 00:17:59 INFO]:   Discord: nickuc.com/discord
[2026/08/09 00:17:59 INFO]:   Email: support@nickuc.com
[2026/08/09 00:17:59 INFO]: 
[2026/08/09 00:19:21 DEBUG]: Loading the messages_en.yml message file...
[2026/08/09 00:19:57 DEBUG]: Loading the messages_en.yml message file...
[2026/08/09 00:24:28 DEBUG]: Loading the messages_en.yml message file...
[2026/08/09 00:27:09 INFO]: Successful plugin core shutdown (took 0.00s)
