[01:00:13] [main/INFO] [com.velocitypowered.proxy.VelocityServer]: Booting up Velocity 4.1.0-SNAPSHOT (git-00759e52-b16)...
[01:00:13] [main/INFO] [com.velocitypowered.proxy.network.ConnectionManager]: Connections will use epoll channels, libdeflate (Linux x86_64) compression, OpenSSL 3.x.x (Linux x86_64) ciphers
[01:00:13] [main/WARN] [com.velocitypowered.proxy.config.VelocityConfiguration]: The proxy is running in offline mode! This is a security risk and you will NOT receive any support!
[01:00:13] [main/INFO] [com.velocitypowered.proxy.VelocityServer]: Loading localizations...
[01:00:13] [main/INFO] [com.velocitypowered.proxy.VelocityServer]: Loading plugins...
[01:00:14] [main/INFO] [eaglerxserver]: Loading EaglercraftXServer 1.1.1...
[01:00:14] [main/INFO] [eaglerxserver]: (Platform: Velocity)
[01:00:14] [main/INFO] [eaglerxserver]: Server Name: "EaglercraftXServer"
[01:00:14] [main/ERROR] [eaglerxserver]: Could not load server icon: server-icon.png
javax.imageio.IIOException: Can't read input file!
	at java.desktop/javax.imageio.ImageIO.read(ImageIO.java:1264)
	at net.lax1dude.eaglercraft.backend.server.base.ServerIconLoader.loadServerIcon(ServerIconLoader.java:112)
	at net.lax1dude.eaglercraft.backend.server.base.ServerIconLoader$1.loadServerIcon(ServerIconLoader.java:51)
	at net.lax1dude.eaglercraft.backend.server.base.EaglerListener.<init>(EaglerListener.java:90)
	at net.lax1dude.eaglercraft.backend.server.base.EaglerListener.<init>(EaglerListener.java:58)
	at net.lax1dude.eaglercraft.backend.server.base.EaglerXServer.loadProxying(EaglerXServer.java:355)
	at net.lax1dude.eaglercraft.backend.server.base.EaglerXServer.load(EaglerXServer.java:339)
	at net.lax1dude.eaglercraft.backend.server.velocity.PlatformPluginVelocity.<init>(PlatformPluginVelocity.java:256)
	at net.lax1dude.eaglercraft.backend.server.velocity.PlatformPluginVelocity$$FastClassByGuice$$a2c4f.GUICE$TRAMPOLINE(<generated>)
	at net.lax1dude.eaglercraft.backend.server.velocity.PlatformPluginVelocity$$FastClassByGuice$$a2c4f.apply(<generated>)
	at com.google.inject.internal.DefaultConstructionProxyFactory$FastClassProxy.newInstance(DefaultConstructionProxyFactory.java:82)
	at com.google.inject.internal.ConstructorInjector.provision(ConstructorInjector.java:114)
	at com.google.inject.internal.ConstructorInjector.construct(ConstructorInjector.java:91)
	at com.google.inject.internal.ConstructorBindingImpl$Factory.get(ConstructorBindingImpl.java:300)
	at com.google.inject.internal.ProviderToInternalFactoryAdapter.get(ProviderToInternalFactoryAdapter.java:40)
	at com.google.inject.internal.SingletonScope$1.get(SingletonScope.java:169)
	at com.google.inject.internal.InternalFactoryToProviderAdapter.get(InternalFactoryToProviderAdapter.java:45)
	at com.google.inject.internal.InjectorImpl$1.get(InjectorImpl.java:1148)
	at com.google.inject.internal.InjectorImpl.getInstance(InjectorImpl.java:1186)
	at com.velocitypowered.proxy.plugin.loader.java.JavaPluginLoader.createPlugin(JavaPluginLoader.java:135)
	at com.velocitypowered.proxy.plugin.VelocityPluginManager.loadPlugins(VelocityPluginManager.java:199)
	at com.velocitypowered.proxy.VelocityServer.loadPlugins(VelocityServer.java:439)
	at com.velocitypowered.proxy.VelocityServer.start(VelocityServer.java:310)
	at com.velocitypowered.proxy.Velocity.main(Velocity.java:71)
[01:00:14] [main/INFO] [com.velocitypowered.proxy.plugin.VelocityPluginManager]: Loaded plugin eaglerxserver 1.1.1 by lax1dude
[01:00:14] [main/INFO] [com.velocitypowered.proxy.plugin.VelocityPluginManager]: Loaded plugin luckperms 5.5.71 by Luck
[01:00:15] [main/INFO] [com.velocitypowered.proxy.plugin.VelocityPluginManager]: Loaded plugin nantibot 2.0.8 by NickUC
[01:00:15] [main/INFO] [com.velocitypowered.proxy.plugin.VelocityPluginManager]: Loaded plugin nlogin 2.0.19 by NickUC
[01:00:15] [main/INFO] [com.velocitypowered.proxy.plugin.VelocityPluginManager]: Loaded plugin viaversion 5.11.0 by _MylesC, creeper123123321, Gerrygames, kennytv, Matsv, EnZaXD, RK_01
[01:00:15] [main/INFO] [com.velocitypowered.proxy.plugin.VelocityPluginManager]: Loaded plugin viabackwards 5.11.0 by Matsv, kennytv, Gerrygames, creeper123123321, ForceUpdate1, EnZaXD
[01:00:15] [main/INFO] [com.velocitypowered.proxy.VelocityServer]: Loaded 7 plugins
[01:00:15] [LuckPerms - Task Executor #0/INFO] [luckperms]: Loading configuration...
[01:00:16] [LuckPerms - Task Executor #0/INFO] [com.velocitypowered.proxy.console.VelocityConsole]:         __    
[01:00:16] [LuckPerms - Task Executor #0/INFO] [com.velocitypowered.proxy.console.VelocityConsole]:   |    |__)   LuckPerms v5.5.71
[01:00:16] [LuckPerms - Task Executor #0/INFO] [com.velocitypowered.proxy.console.VelocityConsole]:   |___ |      Running on Velocity
[01:00:16] [LuckPerms - Task Executor #0/INFO] [com.velocitypowered.proxy.console.VelocityConsole]: 
[01:00:16] [LuckPerms - Task Executor #0/INFO] [luckperms]: Loading storage provider... [H2]
[01:00:17] [LuckPerms - Task Executor #0/INFO] [luckperms]: Loading internal permission managers...
[01:00:17] [LuckPerms - Task Executor #0/INFO] [luckperms]: Performing initial data load...
[01:00:17] [LuckPerms - Task Executor #0/INFO] [luckperms]: Successfully enabled. (took 1895ms)
[01:00:17] [LuckPerms - Task Executor #0/WARN] [com.velocitypowered.proxy.network.ConnectionManager]: The server channel initializer has been replaced by java.base/jdk.internal.reflect.DirectMethodHandleAccessor.invoke(DirectMethodHandleAccessor.java:104)
[01:00:17] [LuckPerms - Task Executor #0/INFO] [eaglerxserver]: Enabling EaglercraftXServer 1.1.1...
[01:00:17] [LuckPerms - Task Executor #0/INFO] [eaglerxserver]: Connecting to skin cache database "jdbc:sqlite:eagler_skins_cache.db"...
[01:00:17] [LuckPerms - Task Executor #0/INFO] [eaglerxserver]: Connected to skin cache database successfully!
[01:00:17] [EaglercraftXServer - Task Executor #0/INFO] [eaglerxserver]: Reloaded certificate: /workspaces/eaglercraft-26.2/velocity/plugins/eaglerxserver/eagcert/$dl.34268c6e7b2a2336a2821b0171d290d6dd455cba.cert
[01:00:17] [EaglercraftXServer - Task Executor #0/WARN] [eaglerxserver]: Update certificate was loaded: $dl.34268c6e7b2a2336a2821b0171d290d6dd455cba.cert
[01:00:18] [Netty epoll Worker #0/INFO] [eaglerxserver]: You are running the latest version of EaglerXServer
[01:00:19] [LuckPerms - Task Executor #0/INFO] [nantibot]: Successful plugin core start (took 0.55s)
[01:00:19] [LuckPerms - Task Executor #0/INFO] [com.velocitypowered.proxy.console.VelocityConsole]: [nAntiBot]           _         _   _   ___       _   
[01:00:19] [LuckPerms - Task Executor #0/INFO] [com.velocitypowered.proxy.console.VelocityConsole]: [nAntiBot]   _ __   /_\  _ __ | |_(_) / __\ ___ | |_ 
[01:00:19] [LuckPerms - Task Executor #0/INFO] [com.velocitypowered.proxy.console.VelocityConsole]: [nAntiBot]  | '_ \ //_\\| '_ \| __| |/__\/// _ \| __|
[01:00:19] [LuckPerms - Task Executor #0/INFO] [com.velocitypowered.proxy.console.VelocityConsole]: [nAntiBot]  | | | /  _  \ | | | |_| / \/  \ (_) | |_ 
[01:00:19] [LuckPerms - Task Executor #0/INFO] [com.velocitypowered.proxy.console.VelocityConsole]: [nAntiBot]  |_| |_\_/ \_/_| |_|\__|_\_____/\___/ \__|
[01:00:19] [LuckPerms - Task Executor #0/INFO] [com.velocitypowered.proxy.console.VelocityConsole]: [nAntiBot]                                          
[01:00:19] [LuckPerms - Task Executor #0/INFO] [com.velocitypowered.proxy.console.VelocityConsole]: [nAntiBot]  By: www.nickuc.com - V 2.0.8
[01:00:19] [LuckPerms - Task Executor #0/INFO] [com.velocitypowered.proxy.console.VelocityConsole]: [nAntiBot] 
[01:00:21] [LuckPerms - Task Executor #0/INFO] [nlogin]: Successful plugin core start (took 0.45s)
[01:00:21] [LuckPerms - Task Executor #0/INFO] [com.velocitypowered.proxy.console.VelocityConsole]: [nLogin]           __             _       
[01:00:21] [LuckPerms - Task Executor #0/INFO] [com.velocitypowered.proxy.console.VelocityConsole]: [nLogin]   _ __   / /  ___   __ _(_)_ __  
[01:00:21] [LuckPerms - Task Executor #0/INFO] [com.velocitypowered.proxy.console.VelocityConsole]: [nLogin]  | '_ \ / /  / _ \ / _` | | '_ \ 
[01:00:21] [LuckPerms - Task Executor #0/INFO] [com.velocitypowered.proxy.console.VelocityConsole]: [nLogin]  | | | / /__| (_) | (_| | | | | |
[01:00:21] [LuckPerms - Task Executor #0/INFO] [com.velocitypowered.proxy.console.VelocityConsole]: [nLogin]  |_| |_\____/\___/ \__, |_|_| |_|
[01:00:21] [LuckPerms - Task Executor #0/INFO] [com.velocitypowered.proxy.console.VelocityConsole]: [nLogin]                   |___/            
[01:00:21] [LuckPerms - Task Executor #0/INFO] [com.velocitypowered.proxy.console.VelocityConsole]: [nLogin]  By: www.nickuc.com - V 2.0.19
[01:00:21] [LuckPerms - Task Executor #0/INFO] [com.velocitypowered.proxy.console.VelocityConsole]: [nLogin]  
[01:00:22] [LuckPerms - Task Executor #0/INFO] [nlogin]: Loading packetevents-velocity 2.13.0...
[01:00:26] [LuckPerms - Task Executor #0/WARN] [com.velocitypowered.proxy.network.ConnectionManager]: The server channel initializer has been replaced by java.base/jdk.internal.reflect.DirectMethodHandleAccessor.invoke(DirectMethodHandleAccessor.java:104)
[01:00:28] [LuckPerms - Task Executor #0/INFO] [viaversion]: Replacing channel initializers; you can safely ignore the following two warnings.
[01:00:28] [LuckPerms - Task Executor #0/WARN] [com.velocitypowered.proxy.network.ConnectionManager]: The server channel initializer has been replaced by java.base/jdk.internal.reflect.DirectMethodHandleAccessor.invoke(DirectMethodHandleAccessor.java:104)
[01:00:28] [LuckPerms - Task Executor #0/WARN] [com.velocitypowered.proxy.network.ConnectionManager]: The backend channel initializer has been replaced by java.base/jdk.internal.reflect.DirectMethodHandleAccessor.invoke(DirectMethodHandleAccessor.java:104)
[01:00:28] [LuckPerms - Task Executor #0/INFO] [viabackwards]: Loading translations...
[01:00:28] [LuckPerms - Task Executor #0/INFO] [viabackwards]: Registering protocols...
[01:00:28] [LuckPerms - Task Executor #0/INFO] [viaversion]: ViaVersion detected lowest supported version by the proxy: 1.13 (393)
[01:00:28] [LuckPerms - Task Executor #0/INFO] [viaversion]: Highest supported version by the proxy: 26.2 (776)
[01:00:28] [main/INFO] [nantibot]: Injecting channel initializers
[01:00:28] [main/WARN] [com.velocitypowered.proxy.network.ConnectionManager]: The server channel initializer has been replaced by java.base/jdk.internal.reflect.DirectMethodHandleAccessor.invoke(DirectMethodHandleAccessor.java:104)
[01:00:28] [Netty epoll Boss #0/INFO] [eaglerxserver]: Listener "listener0" injected into channel [id: 0x93ac0ffc, L:/[0:0:0:0:0:0:0:0]:25565] successfully (Velocity method)
[01:00:28] [Netty epoll Boss #0/INFO] [com.velocitypowered.proxy.network.ConnectionManager]: Listening on /[0:0:0:0:0:0:0:0]:25565
[01:00:28] [nAntiBot - Task Executor #0/INFO] [nantibot]: Connecting to the remote server antibot.nickuc.com...
[01:00:28] [main/INFO] [com.velocitypowered.proxy.Velocity]: Done (16.23s)!
[01:00:29] [ViaVersion - Task Executor #0/INFO] [viaversion]: Finished mapping loading, shutting down loader executor.
[01:00:30] [pool-7-thread-2/INFO] [nantibot]: [Captcha] Captchas generated successfully. (RAM usage ≃ 8 MB [static only], total = 500, protocol count = 51, threads = 2, took 11.41s)
[01:00:54] [Netty epoll Worker #3/INFO] [com.velocitypowered.proxy.connection.client.AuthSessionHandler]: [connected player] Hyriskalt (/[0:0:0:0:0:0:0:1]:41390) has connected
[01:00:54] [Netty epoll Worker #3/INFO] [com.velocitypowered.proxy.connection.MinecraftConnection]: [server connection] Hyriskalt -> auth has connected
[01:00:54] [Netty epoll Worker #3/WARN] [viabackwards]: (1.19.1->1.19) Received unexpected data in velocity:player_info (length=1)
[01:01:09] [Netty epoll Worker #3/INFO] [com.velocitypowered.proxy.connection.MinecraftConnection]: [connected player] Hyriskalt (/[0:0:0:0:0:0:0:1]:41390) has disconnected
[01:01:09] [Netty epoll Worker #3/INFO] [com.velocitypowered.proxy.connection.MinecraftConnection]: [server connection] Hyriskalt -> auth has disconnected
[01:18:38] [Netty epoll Worker #1/INFO] [com.velocitypowered.proxy.connection.client.AuthSessionHandler]: [connected player] Hyriskalt (/[0:0:0:0:0:0:0:1]:42346) has connected
[01:18:38] [Netty epoll Worker #1/INFO] [com.velocitypowered.proxy.connection.MinecraftConnection]: [server connection] Hyriskalt -> auth has connected
[01:18:41] [Netty epoll Worker #1/WARN] [viabackwards]: (1.17->1.16.4) Increased world height is NOT SUPPORTED for 1.16 players and below. They will see a void below y 0 and above 256. You can enable the `bedrock-at-y-0` config option to replace the air with a bedrock layer.
[01:19:06] [nLogin - Task Executor #4/INFO] [nlogin]: The user Hyriskalt has successfully logged in.
[01:19:07] [Netty epoll Worker #1/INFO] [com.velocitypowered.proxy.connection.MinecraftConnection]: [server connection] Hyriskalt -> survival has connected
[01:19:08] [Netty epoll Worker #1/INFO] [com.velocitypowered.proxy.connection.MinecraftConnection]: [server connection] Hyriskalt -> auth has disconnected
[01:21:20] [Netty epoll Worker #1/INFO] [com.velocitypowered.proxy.connection.MinecraftConnection]: [connected player] Hyriskalt (/[0:0:0:0:0:0:0:1]:42346) has disconnected
[01:21:20] [Netty epoll Worker #1/INFO] [com.velocitypowered.proxy.connection.MinecraftConnection]: [server connection] Hyriskalt -> survival has disconnected
[01:21:21] [Netty epoll Worker #3/INFO] [com.velocitypowered.proxy.connection.client.AuthSessionHandler]: [connected player] Hyriskalt (/[0:0:0:0:0:0:0:1]:60098) has connected
[01:21:21] [Netty epoll Worker #3/INFO] [com.velocitypowered.proxy.connection.MinecraftConnection]: [server connection] Hyriskalt -> auth has connected
[01:22:11] [Netty epoll Worker #3/INFO] [com.velocitypowered.proxy.connection.client.ConnectedPlayer]: [connected player] Hyriskalt (/[0:0:0:0:0:0:0:1]:60098) has disconnected: You entered the incorrect password.
[01:22:11] [Netty epoll Worker #3/INFO] [com.velocitypowered.proxy.connection.MinecraftConnection]: [server connection] Hyriskalt -> auth has disconnected
[01:22:14] [Netty epoll Worker #2/INFO] [com.velocitypowered.proxy.connection.client.AuthSessionHandler]: [connected player] Hyriskalt (/[0:0:0:0:0:0:0:1]:34168) has connected
[01:22:14] [Netty epoll Worker #2/INFO] [com.velocitypowered.proxy.connection.MinecraftConnection]: [server connection] Hyriskalt -> auth has connected
[01:22:20] [Netty epoll Worker #2/INFO] [com.velocitypowered.proxy.connection.client.ConnectedPlayer]: [connected player] Hyriskalt (/[0:0:0:0:0:0:0:1]:34168) has disconnected: You entered the incorrect password.
[01:22:20] [Netty epoll Worker #2/INFO] [com.velocitypowered.proxy.connection.MinecraftConnection]: [server connection] Hyriskalt -> auth has disconnected
[01:22:23] [Netty epoll Worker #3/INFO] [com.velocitypowered.proxy.connection.client.AuthSessionHandler]: [connected player] Hyriskalt (/[0:0:0:0:0:0:0:1]:59068) has connected
[01:22:23] [Netty epoll Worker #3/INFO] [com.velocitypowered.proxy.connection.MinecraftConnection]: [server connection] Hyriskalt -> auth has connected
[01:22:32] [Netty epoll Worker #3/INFO] [com.velocitypowered.proxy.connection.client.ConnectedPlayer]: [connected player] Hyriskalt (/[0:0:0:0:0:0:0:1]:59068) has disconnected: You entered the incorrect password.
[01:22:32] [Netty epoll Worker #3/INFO] [com.velocitypowered.proxy.connection.MinecraftConnection]: [server connection] Hyriskalt -> auth has disconnected
[01:22:34] [Netty epoll Worker #2/INFO] [com.velocitypowered.proxy.connection.client.AuthSessionHandler]: [connected player] Hyriskalt (/[0:0:0:0:0:0:0:1]:38372) has connected
[01:22:34] [Netty epoll Worker #2/INFO] [com.velocitypowered.proxy.connection.MinecraftConnection]: [server connection] Hyriskalt -> auth has connected
[01:22:39] [Netty epoll Worker #2/INFO] [com.velocitypowered.proxy.connection.client.ConnectedPlayer]: [connected player] Hyriskalt (/[0:0:0:0:0:0:0:1]:38372) has disconnected: You entered the incorrect password.
[01:22:39] [Netty epoll Worker #2/INFO] [com.velocitypowered.proxy.connection.MinecraftConnection]: [server connection] Hyriskalt -> auth has disconnected
[01:22:43] [Netty epoll Worker #3/INFO] [com.velocitypowered.proxy.connection.client.AuthSessionHandler]: [connected player] Hyriskalt (/[0:0:0:0:0:0:0:1]:56258) has connected
[01:22:43] [Netty epoll Worker #3/INFO] [com.velocitypowered.proxy.connection.MinecraftConnection]: [server connection] Hyriskalt -> auth has connected
[01:23:07] [Netty epoll Worker #3/INFO] [com.velocitypowered.proxy.connection.client.ConnectedPlayer]: [connected player] Hyriskalt (/[0:0:0:0:0:0:0:1]:56258) has disconnected: You entered the incorrect password.
[01:23:07] [Netty epoll Worker #3/INFO] [com.velocitypowered.proxy.connection.MinecraftConnection]: [server connection] Hyriskalt -> auth has disconnected
[01:23:10] [Netty epoll Worker #0/INFO] [com.velocitypowered.proxy.connection.client.AuthSessionHandler]: [connected player] Hyriskalt (/[0:0:0:0:0:0:0:1]:59754) has connected
[01:23:10] [Netty epoll Worker #0/INFO] [com.velocitypowered.proxy.connection.MinecraftConnection]: [server connection] Hyriskalt -> auth has connected
[01:23:18] [Netty epoll Worker #0/INFO] [com.velocitypowered.proxy.connection.client.ConnectedPlayer]: [connected player] Hyriskalt (/[0:0:0:0:0:0:0:1]:59754) has disconnected: You entered the incorrect password.
[01:23:18] [Netty epoll Worker #0/INFO] [com.velocitypowered.proxy.connection.MinecraftConnection]: [server connection] Hyriskalt -> auth has disconnected
[01:29:55] [Netty epoll Worker #0/INFO] [com.velocitypowered.proxy.connection.client.AuthSessionHandler]: [connected player] Hyrisks (/127.0.0.1:37348) has connected
[01:29:56] [Netty epoll Worker #0/INFO] [com.velocitypowered.proxy.connection.MinecraftConnection]: [server connection] Hyrisks -> auth has connected
[01:30:28] [nLogin - Task Executor #5/INFO] [nlogin]: The user Hyrisks has successfully registered.
[01:30:29] [Netty epoll Worker #0/INFO] [com.velocitypowered.proxy.connection.MinecraftConnection]: [server connection] Hyrisks -> survival has connected
[01:30:29] [Netty epoll Worker #0/INFO] [com.velocitypowered.proxy.connection.MinecraftConnection]: [server connection] Hyrisks -> auth has disconnected
[01:31:16] [Netty epoll Worker #0/INFO] [com.velocitypowered.proxy.connection.client.AuthSessionHandler]: [connected player] Hyriskalts (/[0:0:0:0:0:0:0:1]:32970) has connected
[01:31:17] [Netty epoll Worker #0/INFO] [com.velocitypowered.proxy.connection.MinecraftConnection]: [server connection] Hyriskalts -> auth has connected
[01:32:05] [nLogin - Task Executor #6/INFO] [nlogin]: The user Hyriskalts has successfully registered.
[01:32:06] [Netty epoll Worker #0/INFO] [com.velocitypowered.proxy.connection.MinecraftConnection]: [server connection] Hyriskalts -> survival has connected
[01:32:06] [Netty epoll Worker #0/INFO] [com.velocitypowered.proxy.connection.MinecraftConnection]: [server connection] Hyriskalts -> auth has disconnected
[01:33:34] [Netty epoll Worker #0/INFO] [com.velocitypowered.proxy.connection.MinecraftConnection]: [connected player] Hyrisks (/127.0.0.1:37348) has disconnected
[01:33:34] [Netty epoll Worker #0/INFO] [com.velocitypowered.proxy.connection.MinecraftConnection]: [server connection] Hyrisks -> survival has disconnected
[01:33:40] [Netty epoll Worker #0/INFO] [com.velocitypowered.proxy.connection.MinecraftConnection]: [connected player] Hyriskalts (/[0:0:0:0:0:0:0:1]:32970) has disconnected
[01:33:40] [Netty epoll Worker #0/INFO] [com.velocitypowered.proxy.connection.MinecraftConnection]: [server connection] Hyriskalts -> survival has disconnected
